----------------------------------------------------------------------------------------------------
------------------------------------ MegaLinter, by OX Security ------------------------------------
----------------------------------------------------------------------------------------------------
 - Image Creation Date: 2025-06-15T16:22:42Z
 - Image Revision: e08c2b05e3dbc40af4c23f41172ef1e068a7d651
 - Image Version: v8.8.0
----------------------------------------------------------------------------------------------------
The MegaLinter documentation can be found at:
 - https://megalinter.io/8.8.0
----------------------------------------------------------------------------------------------------
::group::MegaLinter initialization (expand for details)
MegaLinter will analyze workspace [/github/workspace]
GITHUB_REPOSITORY: isaackhlam/python-template
GITHUB_REF: refs/pull/2/merge
GITHUB_RUN_ID: 18535552647


[Activation] JAVASCRIPT_ES has been set inactive, as none of these files has been found: ['.eslintrc.json', '.eslintrc.yml', '.eslintrc.yaml', '.eslintrc.js', '.eslintrc.cjs', 'package.json:eslintConfig']
[Activation] JSON_NPM_PACKAGE_JSON_LINT has been set inactive, as none of these files has been found: ['package.json']
[Activation] REPOSITORY_LS_LINT has been set inactive, as none of these files has been found: ['.ls-lint.yml']
[SemgrepLinter] Deactivated because no ruleset has been defined
[Activation] SPELL_PROSELINT has been set inactive, as none of these files has been found: ['.proselintrc', 'proselint/config.json']
[Activation] SPELL_VALE has been set inactive, as none of these files has been found: ['.vale.ini']
[Activation] TYPESCRIPT_ES has been set inactive, as none of these files has been found: ['.eslintrc.json', '.eslintrc.yml', '.eslintrc.yaml', '.eslintrc.js', '.eslintrc.cjs', 'package.json:eslintConfig']
JSON_ESLINT_PLUGIN_JSONC has been disabled in MegaLinter for the following reason: Bug in eslint-plugin-jsonc: https://github.com/ota-meshi/eslint-plugin-jsonc/issues/328
MAKEFILE_CHECKMAKE has been disabled in MegaLinter for the following reason: Security issues: https://github.com/mrtazz/checkmake/issues/99
MARKDOWN_REMARK_LINT has been disabled in MegaLinter for the following reason: Bug in remark-lint: https://github.com/remarkjs/remark-lint/issues/322
Skipped linters: ANSIBLE_ANSIBLE_LINT, API_SPECTRAL, ARM_ARM_TTK, BICEP_BICEP_LINTER, CLOJURE_CLJSTYLE, CLOJURE_CLJ_KONDO, CLOUDFORMATION_CFN_LINT, COFFEE_COFFEELINT, CPP_CLANG_FORMAT, CPP_CPPCHECK, CPP_CPPLINT, CSHARP_CSHARPIER, CSHARP_DOTNET_FORMAT, CSHARP_ROSLYNATOR, CSS_STYLELINT, C_CLANG_FORMAT, C_CPPCHECK, C_CPPLINT, DART_DARTANALYZER, EDITORCONFIG_EDITORCONFIG_CHECKER, ENV_DOTENV_LINTER, GHERKIN_GHERKIN_LINT, GO_GOLANGCI_LINT, GO_REVIVE, GRAPHQL_GRAPHQL_SCHEMA_LINTER, GROOVY_NPM_GROOVY_LINT, HTML_DJLINT, HTML_HTMLHINT, JAVASCRIPT_ES, JAVASCRIPT_PRETTIER, JAVA_CHECKSTYLE, JAVA_PMD, JSON_ESLINT_PLUGIN_JSONC, JSON_NPM_PACKAGE_JSON_LINT, JSX_ESLINT, KOTLIN_DETEKT, KOTLIN_KTLINT, KUBERNETES_HELM, KUBERNETES_KUBECONFORM, KUBERNETES_KUBESCAPE, LATEX_CHKTEX, LUA_LUACHECK, LUA_SELENE, LUA_STYLUA, MAKEFILE_CHECKMAKE, MARKDOWN_REMARK_LINT, PERL_PERLCRITIC, PHP_PHPCS, PHP_PHPCSFIXER, PHP_PHPLINT, PHP_PHPSTAN, PHP_PSALM, POWERSHELL_POWERSHELL, POWERSHELL_POWERSHELL_FORMATTER, PROTOBUF_PROTOLINT, PUPPET_PUPPET_LINT, PYTHON_MYPY, PYTHON_PYLINT, PYTHON_PYRIGHT, PYTHON_RUFF, PYTHON_RUFF_FORMAT, RAKU_RAKU, REPOSITORY_LS_LINT, REPOSITORY_SEMGREP, RST_RSTCHECK, RST_RSTFMT, RST_RST_LINT, RUBY_RUBOCOP, RUST_CLIPPY, R_LINTR, SALESFORCE_LIGHTNING_FLOW_SCANNER, SALESFORCE_SFDX_SCANNER_APEX, SALESFORCE_SFDX_SCANNER_AURA, SALESFORCE_SFDX_SCANNER_LWC, SCALA_SCALAFIX, SNAKEMAKE_LINT, SNAKEMAKE_SNAKEFMT, SPELL_PROSELINT, SPELL_VALE, SQL_SQLFLUFF, SQL_TSQLLINT, SWIFT_SWIFTLINT, TEKTON_TEKTON_LINT, TERRAFORM_TERRAFORM_FMT, TERRAFORM_TERRAGRUNT, TERRAFORM_TERRASCAN, TERRAFORM_TFLINT, TSX_ESLINT, TYPESCRIPT_ES, TYPESCRIPT_PRETTIER, TYPESCRIPT_STANDARD, VBDOTNET_DOTNET_FORMAT, XML_XMLLINT, YAML_V8R
To receive reports as email, please set variable EMAIL_REPORTER_EMAIL
[ApiReporter] Not enabled as API_REPORTER is not defined to true
::endgroup::
::group::MegaLinter now collects the files to analyse (expand for details)
Listing updated files in [/github/workspace] using git diff.
Modified files:
.githooks/pre-push
.mega-linter.yml
Makefile
pyproject.toml
requirement.txt
- File extensions: , .bash, .dash, .htm, .html, .js, .json, .json5, .jsonc, .ksh, .markdown, .md, .mdx, .py, .rst, .sh, .txt, .yaml, .yml
- File names (regex): Containerfile, Dockerfile
- Excluding .gitignored files [0]: 
Kept [4] files on [5] found files

+----MATCHING LINTERS-----+------------------------------------------------------------------------+----------------+------------+
| Descriptor | Linter     | Criteria                                                               | Matching files | Format/Fix |
+------------+------------+------------------------------------------------------------------------+----------------+------------+
| BASH       | bash-exec  | |.sh|.bash|.dash|.ksh                                                  | 1              | yes        |
| BASH       | shellcheck | |.sh|.bash|.dash|.ksh                                                  | 1              | yes        |
| BASH       | shfmt      | |.sh|.bash|.dash|.ksh                                                  | 1              | yes        |
| COPYPASTE  | jscpd      |                                                                        | project        | yes        |
| REPOSITORY | checkov    |                                                                        | project        | yes        |
| REPOSITORY | devskim    |                                                                        | project        | yes        |
| REPOSITORY | dustilock  |                                                                        | project        | yes        |
| REPOSITORY | git_diff   |                                                                        | project        | yes        |
| REPOSITORY | gitleaks   |                                                                        | project        | yes        |
| REPOSITORY | grype      |                                                                        | project        | yes        |
| REPOSITORY | kics       |                                                                        | project        | yes        |
| REPOSITORY | secretlint |                                                                        | project        | yes        |
| REPOSITORY | syft       |                                                                        | project        | yes        |
| REPOSITORY | trivy      |                                                                        | project        | yes        |
| REPOSITORY | trivy-sbom |                                                                        | project        | yes        |
| REPOSITORY | trufflehog |                                                                        | project        | yes        |
| SPELL      | cspell     |                                                                        | 4              | yes        |
| SPELL      | lychee     | .md|.mdx|.markdown|.html|.htm|.rst|.txt|.json|.jsonc|.json5|.yaml|.yml | 2              | yes        |
| YAML       | prettier   | .yml|.yaml                                                             | 1              | yes        |
| YAML       | yamllint   | .yml|.yaml                                                             | 1              | yes        |
+------------+------------+------------------------------------------------------------------------+----------------+------------+
::endgroup::
Processing linters on [4] parallel cores… (can be decreased with variable PARALLEL_PROCESS_NUMBER in case of performance issues)
::group::[32m✅ Linted [BASH] files with [bash-exec] successfully - (0.25s)[0m (expand for details)
- Using [bash-exec v5.2.37] https://megalinter.io/8.8.0/descriptors/bash_bash_exec
- MegaLinter key: [BASH_EXEC]
- Rules config: identified by [bash-exec]
- Number of files analyzed: [1]
- Command: [bash-exec .githooks/pre-push]
::endgroup::
::group::[32m✅ Linted [BASH] files with [shellcheck] successfully - (0.01s)[0m (expand for details)
- Using [shellcheck v0.10.0] https://megalinter.io/8.8.0/descriptors/bash_shellcheck
- MegaLinter key: [BASH_SHELLCHECK]
- Rules config: identified by [shellcheck]
- Number of files analyzed: [1]
- Command: [shellcheck --color=auto --external-sources .githooks/pre-push]
::endgroup::
::group::[32m✅ Linted [BASH] files with [shfmt] successfully - (0.02s)[0m (expand for details)
- Using [shfmt v3.11.0] https://megalinter.io/8.8.0/descriptors/bash_shfmt
- MegaLinter key: [BASH_SHFMT]
- Rules config: identified by [shfmt]
- Number of files analyzed: [1]
- Command: [shfmt -w -i 2 -ci .githooks/pre-push]
::endgroup::
::group::[32m✅ Linted [YAML] files with [prettier] successfully - (0.35s)[0m (expand for details)
- Using [prettier v3.5.3] https://megalinter.io/8.8.0/descriptors/yaml_prettier
- MegaLinter key: [YAML_PRETTIER]
- Rules config: identified by [prettier]
- Number of files analyzed: [1]
- Command: [prettier --write .mega-linter.yml]
::endgroup::
Unable to get number of errors with regex_sum and , Failed checks: ([0-9]+), Skipped checks
Unable to get version for linter [checkov]
/venvs/checkov/bin/checkov --version returned output: (1) Traceback (most recent call last):
  File "/venvs/checkov/bin/checkov", line 2, in <module>
    from checkov.main import Checkov
  File "/venvs/checkov/lib/python3.13/site-packages/checkov/main.py", line 21, in <module>
    import checkov.logging_init  # noqa  # should be imported before the others to ensure correct logging setup
    ^^^^^^^^^^^^^^^^^^^^^^^^^^^
  File "/venvs/checkov/lib/python3.13/site-packages/checkov/logging_init.py", line 8, in <module>
    logging.basicConfig(level=LOG_LEVEL)
    ~~~~~~~~~~~~~~~~~~~^^^^^^^^^^^^^^^^^
  File "/usr/local/lib/python3.13/logging/__init__.py", line 2131, in basicConfig
    root.setLevel(level)
    ~~~~~~~~~~~~~^^^^^^^
  File "/usr/local/lib/python3.13/logging/__init__.py", line 1497, in setLevel
    self.level = _checkLevel(level)
                 ~~~~~~~~~~~^^^^^^^
  File "/usr/local/lib/python3.13/logging/__init__.py", line 210, in _checkLevel
    raise ValueError("Unknown level: %r" % level)
ValueError: Unknown level: 'NOTICE'

Unable to extract version with regex re.compile('\\d+(\\.\\d+)+') from ERROR
::group::[33m⚠️ Linted [REPOSITORY] files with [checkov]: Found 1 non blocking error(s) and 0 non blocking warning(s) - (0.59s)[0m (expand for details)
- Using [checkov vERROR] https://megalinter.io/8.8.0/descriptors/repository_checkov
- MegaLinter key: [REPOSITORY_CHECKOV]
- Rules config: [.checkov.yml]
- Command: [checkov --directory . --config-file /action/lib/.automation/.checkov.yml]
--Error detail:
Traceback (most recent call last):
  File [35m"/venvs/checkov/bin/checkov"[0m, line [35m2[0m, in [35m<module>[0m
    from checkov.main import Checkov
  File [35m"/venvs/checkov/lib/python3.13/site-packages/checkov/main.py"[0m, line [35m21[0m, in [35m<module>[0m
    [1;31mimport checkov.logging_init[0m  # noqa  # should be imported before the others to ensure correct logging setup
    [1;31m^^^^^^^^^^^^^^^^^^^^^^^^^^^[0m
  File [35m"/venvs/checkov/lib/python3.13/site-packages/checkov/logging_init.py"[0m, line [35m8[0m, in [35m<module>[0m
    [31mlogging.basicConfig[0m[1;31m(level=LOG_LEVEL)[0m
    [31m~~~~~~~~~~~~~~~~~~~[0m[1;31m^^^^^^^^^^^^^^^^^[0m
  File [35m"/usr/local/lib/python3.13/logging/__init__.py"[0m, line [35m2131[0m, in [35mbasicConfig[0m
    [31mroot.setLevel[0m[1;31m(level)[0m
    [31m~~~~~~~~~~~~~[0m[1;31m^^^^^^^[0m
  File [35m"/usr/local/lib/python3.13/logging/__init__.py"[0m, line [35m1497[0m, in [35msetLevel[0m
    self.level = [31m_checkLevel[0m[1;31m(level)[0m
                 [31m~~~~~~~~~~~[0m[1;31m^^^^^^^[0m
  File [35m"/usr/local/lib/python3.13/logging/__init__.py"[0m, line [35m210[0m, in [35m_checkLevel[0m
    raise ValueError("Unknown level: %r" % level)
[1;35mValueError[0m: [35mUnknown level: 'NOTICE'[0m

::endgroup::
::group::[32m✅ Linted [YAML] files with [yamllint] successfully - (0.37s)[0m (expand for details)
- Using [yamllint v1.37.1] https://megalinter.io/8.8.0/descriptors/yaml_yamllint
- MegaLinter key: [YAML_YAMLLINT]
- Rules config: [.yamllint.yml]
- Number of files analyzed: [1]
- Command: [yamllint --format standard -c /action/lib/.automation/.yamllint.yml .mega-linter.yml]
::endgroup::
::group::[32m✅ Linted [COPYPASTE] files with [jscpd] successfully - (1.41s)[0m (expand for details)
- Using [jscpd v4.0.5] https://megalinter.io/8.8.0/descriptors/copypaste_jscpd
- MegaLinter key: [COPYPASTE_JSCPD]
- Rules config: [.jscpd.json]
- Command: [jscpd --gitignore --reporters console,html --output megalinter-reports/copy-paste/ -c /action/lib/.automation/.jscpd.json .]
::endgroup::
::group::[32m✅ Linted [REPOSITORY] files with [devskim] successfully - (1.21s)[0m (expand for details)
- Using [devskim v1.0.59] https://megalinter.io/8.8.0/descriptors/repository_devskim
- MegaLinter key: [REPOSITORY_DEVSKIM]
- Rules config: [.devskim.json]
- Command: [devskim analyze --options-json /action/lib/.automation/.devskim.json --source-code . -E]
::endgroup::
::group::[32m✅ Linted [REPOSITORY] files with [dustilock] successfully - (0.01s)[0m (expand for details)
- Using [dustilock v1.2.0] https://megalinter.io/8.8.0/descriptors/repository_dustilock
- MegaLinter key: [REPOSITORY_DUSTILOCK]
- Rules config: identified by [dustilock]
- Command: [dustilock --recursive]
::endgroup::
::group::[32m✅ Linted [REPOSITORY] files with [git_diff] successfully - (0.0s)[0m (expand for details)
- Using [git_diff v2.47.2] https://megalinter.io/8.8.0/descriptors/repository_git_diff
- MegaLinter key: [REPOSITORY_GIT_DIFF]
- Rules config: identified by [git_diff]
- Command: [git diff --check]
::endgroup::
::group::[32m✅ Linted [REPOSITORY] files with [gitleaks] successfully - (0.05s)[0m (expand for details)
- Using [gitleaks v8.27.2] https://megalinter.io/8.8.0/descriptors/repository_gitleaks
- MegaLinter key: [REPOSITORY_GITLEAKS]
- Rules config: [.gitleaks.toml]
- Command: [gitleaks detect --redact -c /action/lib/.automation/.gitleaks.toml --verbose --source .]
::endgroup::
::group::[33m⚠️ Linted [SPELL] files with [cspell]: Found 13 non blocking error(s) and 0 non blocking warning(s) - (3.26s)[0m (expand for details)
- Using [cspell v9.1.1] https://megalinter.io/8.8.0/descriptors/spell_cspell
- MegaLinter key: [SPELL_CSPELL]
- Rules config: identified by [cspell]
- Number of files analyzed: [5]
- Command: [cspell --show-context --show-suggestions --no-must-find-files .githooks/pre-push .mega-linter.yml Makefile requirement.txt /github/workspace/f766a33f-1104-4c20-9302-3b57fde80efb-megalinter_file_names_cspell.txt]
--Error detail:
1/5 .githooks/pre-push 1260.71ms X
.githooks/pre-push:5:16      - Unknown word (deinit)     -- #git submodule deinit --all -f
	 Suggestions: [delint, dent, dint, debit, deist]
.githooks/pre-push:9:30      - Unknown word (toplevel)   -- git rev-parse --show-toplevel)":/tmp/lint oxsecurity
	 Suggestions: [topee, topees, topleft, topless, topline]
2/5 .mega-linter.yml 295.32ms X
.mega-linter.yml:1:6       - Unknown word (SHFMT)      -- BASH_SHFMT_ARGUMENTS: "-i 2 -ci
	 Suggestions: [SHAM, SHAT, SHIM, SHIT, SHMO]
.mega-linter.yml:2:52      - Unknown word (KICS)       -- COPYPASTE_JSCPD,REPOSITORY_KICS,REPOSITORY_CHECKOV,REPOSITORY
	 Suggestions: [KI'S, KICK, KIDS, KINS, KIPS]
.mega-linter.yml:2:117     - Unknown word (DEVSKIM)    -- SPELL_CSPELL,REPOSITORY_DEVSKIM
	 Suggestions: [DESK, DEVI, DEVS, DKIM, DEISM]
.mega-linter.yml:3:25      - Unknown word (PYLINT)     -- DISABLE_LINTERS: PYTHON_PYLINT,PYTHON_PYRIGHT,PYTHON
	 Suggestions: [PLYING, PINT, PAINT, PLANT, PLINK]
.mega-linter.yml:3:39      - Unknown word (PYRIGHT)    -- PYTHON_PYLINT,PYTHON_PYRIGHT,PYTHON_RUFF,PYTHON_MYPY
	 Suggestions: [MYRIGHT, Myright, myRight, MyRight, PLIGHT]
.mega-linter.yml:3:66      - Unknown word (MYPY)       -- PYRIGHT,PYTHON_RUFF,PYTHON_MYPY,YAML_V8R,TYPESCRIPT
	 Suggestions: [MOPY, MYOPY, MACY, MANY, MAPS]
.mega-linter.yml:5:31      - Unknown word (venv)       -- DIRECTORIES: models,.venv
	 Suggestions: [vena, vend, venn, vent, Venn]
3/5 f766a33f-1104-4c20-9302-3b57fde80efb-megalinter_file_names_cspell.txt 2.07ms
4/5 Makefile 37.69ms X
Makefile:11:78     - Unknown word (isort)      -- $$4}' | xargs -I {} isort {}
	 Suggestions: [isqrt, iSqrt, Isqrt, ISqrt, sort]
Makefile:18:52     - Unknown word (isort)      -- python -m black $$i; isort $$i; done
	 Suggestions: [isqrt, iSqrt, Isqrt, ISqrt, sort]
5/5 requirement.txt 41.83ms X
requirement.txt:3:8       - Unknown word (pyproject)  -- Flake8-pyproject
	 Suggestions: [project, projects]
requirement.txt:4:1       - Unknown word (isort)      -- isort
	 Suggestions: [isqrt, iSqrt, Isqrt, ISqrt, sort]
CSpell: Files checked: 5, Issues found: 13 in 4 files.

::endgroup::
::group::[32m✅ Linted [SPELL] files with [lychee] successfully - (0.04s)[0m (expand for details)
- Using [lychee v0.18.0] https://megalinter.io/8.8.0/descriptors/spell_lychee
- MegaLinter key: [SPELL_LYCHEE]
- Rules config: identified by [lychee]
- Number of files analyzed: [2]
- Command: [lychee --format detailed --no-progress .mega-linter.yml requirement.txt]
::endgroup::
::group::[32m✅ Linted [REPOSITORY] files with [grype] successfully - (25.85s)[0m (expand for details)
- Using [grype v0.94.0] https://megalinter.io/8.8.0/descriptors/repository_grype
- MegaLinter key: [REPOSITORY_GRYPE]
- Rules config: [.grype.yaml]
- Command: [grype --config /action/lib/.automation/.grype.yaml dir:.]
::endgroup::
::group::[33m⚠️ Linted [REPOSITORY] files with [kics]: Found 4 non blocking error(s) and 0 non blocking warning(s) - (1.45s)[0m (expand for details)
- Using [kics v2.1.10] https://megalinter.io/8.8.0/descriptors/repository_kics
- MegaLinter key: [REPOSITORY_KICS]
- Rules config: identified by [kics]
- Command: [kics scan --no-progress --path .]
--Error detail:
[38;2;34;187;51m
                                                                                                                                                   
                                                                                                                                                                                                    
   MLLLLLM             MLLLLLLLLL   LLLLLLL             KLLLLLLLLLLLLLLLL       LLLLLLLLLLLLLLLLLLLLLLL 
   MMMMMMM           MMMMMMMMMML    MMMMMMMK       LMMMMMMMMMMMMMMMMMMMML   KLMMMMMMMMMMMMMMMMMMMMMMMMM 
   MMMMMMM         MMMMMMMMML       MMMMMMMK     LMMMMMMMMMMMMMMMMMMMMMML  LMMMMMMMMMMMMMMMMMMMMMMMMMMM 
   MMMMMMM      MMMMMMMMMML         MMMMMMMK   LMMMMMMMMMMMMMMMMMMMMMMMML LMMMMMMMMMMMMMMMMMMMMMMMMMMMM 
   MMMMMMM    LMMMMMMMMML           MMMMMMMK  LMMMMMMMMMLLMLLLLLLLLLLLLLL LMMMMMMMLLLLLLLLLLLLLLLLLLLLM 
   MMMMMMM  MMMMMMMMMLM             MMMMMMMK LMMMMMMMM                    LMMMMMML                      
   MMMMMMMLMMMMMMMML                MMMMMMMK MMMMMMML                     LMMMMMMMMLLLLLLLLLLLLLMLL     
   MMMMMMMMMMMMMMMM                 MMMMMMMK MMMMMML                       LMMMMMMMMMMMMMMMMMMMMMMMMML  
   MMMMMMMMMMMMMMMMMM               MMMMMMMK MMMMMMM                         LMMMMMMMMMMMMMMMMMMMMMMMML 
   MMMMMMM KLMMMMMMMMML             MMMMMMMK LMMMMMMM                                          MMMMMMMML
   MMMMMMM    LMMMMMMMMMM           MMMMMMMK LMMMMMMMMLL                                        MMMMMMML
   MMMMMMM      LMMMMMMMMMLL        MMMMMMMK  LMMMMMMMMMMMMMMMMMMMMMMMMML LLLLLLLLLLLLLLLLLLLLMMMMMMMMMM
   MMMMMMM        MMMMMMMMMMML      MMMMMMMK   MMMMMMMMMMMMMMMMMMMMMMMMML LMMMMMMMMMMMMMMMMMMMMMMMMMMMM 
   MMMMMMM          LLMMMMMMMMML    MMMMMMMK     LLMMMMMMMMMMMMMMMMMMMMML LMMMMMMMMMMMMMMMMMMMMMMMMMML  
   MMMMMMM             MMMMMMMMMML  MMMMMMMK         KLMMMMMMMMMMMMMMMMML LMMMMMMMMMMMMMMMMMMMMMMMLK    
                                                                                                            
                                                                                                                                                                                                                                                                                                                        

[0m
Scanning with Keeping Infrastructure as Code Secure v2.1.10





[38;2;237;213;126mUnpinned Actions Full Length Commit SHA[0m, Severity: [38;2;237;213;126mLOW[0m, Results: 4
[1mDescription:[0m Pinning an action to a full length commit SHA is currently the only way to use an action as an immutable release. Pinning to a particular SHA helps mitigate the risk of a bad actor adding a backdoor to the action's repository, as they would need to generate a SHA-1 collision for a valid Git object payload. When selecting a SHA, you should verify it is from the action's repository and not a repository fork.
[1mPlatform:[0m CICD
[1mCWE:[0m 829
[1mLearn more about this vulnerability:[0m https://docs.kics.io/latest/queries/cicd-queries/555ab8f9-2001-455e-a077-f2d0f41e2fb9

	[38;2;237;213;126m[1]:[0m .github/workflows/format.yml:[38;2;34;187;51m21[0m

		020:       - name: auto-commit
[38;2;240;173;78m		021:         uses: stefanzweifel/git-auto-commit-action@v4
[0m		022:         with:


	[38;2;237;213;126m[2]:[0m .github/workflows/lint.yml:[38;2;34;187;51m69[0m

		068:         # More info at https://megalinter.io/latest/flavors/
[38;2;240;173;78m		069:         uses: oxsecurity/megalinter@v8
[0m		070: 


	[38;2;237;213;126m[3]:[0m .github/workflows/lint.yml:[38;2;34;187;51m144[0m

		143:       - name: Create Pull Request with applied fixes
[38;2;240;173;78m		144:         uses: peter-evans/create-pull-request@v6
[0m		145:         id: cpr


	[38;2;237;213;126m[4]:[0m .github/workflows/lint.yml:[38;2;34;187;51m166[0m

		165:       - name: Commit and push applied linter fixes
[38;2;240;173;78m		166:         uses: stefanzweifel/git-auto-commit-action@v4
[0m		167:         if: env.APPLY_FIXES_IF_COMMIT == 'true'



Results Summary:
[38;2;255;0;0mCRITICAL[0m: 0
[38;2;187;33;36mHIGH[0m: 0
[38;2;255;114;19mMEDIUM[0m: 0
[38;2;237;213;126mLOW[0m: 4
[38;2;91;192;222mINFO[0m: 0
TOTAL: 4

[38;2;255;153;19mA new version 'v2.1.14' of KICS is available, please consider updating[0m

::endgroup::
::group::[32m✅ Linted [REPOSITORY] files with [secretlint] successfully - (0.44s)[0m (expand for details)
- Using [secretlint v10.1.0] https://megalinter.io/8.8.0/descriptors/repository_secretlint
- MegaLinter key: [REPOSITORY_SECRETLINT]
- Rules config: [.secretlintrc.json]
- Command: [secretlint --secretlintrc /action/lib/.automation/.secretlintrc.json **/*]
::endgroup::
::group::[32m✅ Linted [REPOSITORY] files with [syft] successfully - (1.23s)[0m (expand for details)
- Using [syft v1.27.1] https://megalinter.io/8.8.0/descriptors/repository_syft
- MegaLinter key: [REPOSITORY_SYFT]
- Rules config: identified by [syft]
- Command: [syft scan .]
::endgroup::
::group::[32m✅ Linted [REPOSITORY] files with [trivy] successfully - (7.29s)[0m (expand for details)
- Using [trivy v0.63.0] https://megalinter.io/8.8.0/descriptors/repository_trivy
- MegaLinter key: [REPOSITORY_TRIVY]
- Rules config: identified by [trivy]
- Command: [trivy fs --scanners vuln,misconfig --exit-code 1 .]
::endgroup::
::group::[32m✅ Linted [REPOSITORY] files with [trivy-sbom] successfully - (0.09s)[0m (expand for details)
- Using [trivy-sbom v0.63.0] https://megalinter.io/8.8.0/descriptors/repository_trivy_sbom
- MegaLinter key: [REPOSITORY_TRIVY_SBOM]
- Rules config: identified by [trivy-sbom]
- Command: [trivy fs --format cyclonedx .]
::endgroup::
::group::[32m✅ Linted [REPOSITORY] files with [trufflehog] successfully - (2.27s)[0m (expand for details)
- Using [trufflehog v3.89.1] https://megalinter.io/8.8.0/descriptors/repository_trufflehog
- MegaLinter key: [REPOSITORY_TRUFFLEHOG]
- Rules config: identified by [trufflehog]
- Command: [trufflehog filesystem . --fail --only-verified --no-update --exclude-paths=/action/lib/.automation/.trufflehogignore]
::endgroup::
[Updated Sources Reporter] copied 1 fixed source files in folder megalinter-reports/updated_sources.

+----SUMMARY----+------------+---------------+-------+-------+--------+----------+
| Descriptor    | Linter     | Mode          | Files | Fixed | Errors | Warnings |
+---------------+------------+---------------+-------+-------+--------+----------+
| ✅ BASH       | bash-exec  | file          |     1 |       |      0 |        0 |
| ✅ BASH       | shellcheck | list_of_files |     1 |       |      0 |        0 |
| ✅ BASH       | shfmt      | list_of_files |     1 |     1 |      0 |        0 |
| ✅ COPYPASTE  | jscpd      | project       |   n/a |       |      0 |        0 |
| ⚠️ REPOSITORY | checkov    | project       |   n/a |       |      1 |        0 |
| ✅ REPOSITORY | devskim    | project       |   n/a |       |      0 |        0 |
| ✅ REPOSITORY | dustilock  | project       |   n/a |       |      0 |        0 |
| ✅ REPOSITORY | gitleaks   | project       |   n/a |       |      0 |        0 |
| ✅ REPOSITORY | git_diff   | project       |   n/a |       |      0 |        0 |
| ✅ REPOSITORY | grype      | project       |   n/a |       |      0 |        0 |
| ⚠️ REPOSITORY | kics       | project       |   n/a |       |      4 |        0 |
| ✅ REPOSITORY | secretlint | project       |   n/a |       |      0 |        0 |
| ✅ REPOSITORY | syft       | project       |   n/a |       |      0 |        0 |
| ✅ REPOSITORY | trivy      | project       |   n/a |       |      0 |        0 |
| ✅ REPOSITORY | trivy-sbom | project       |   n/a |       |      0 |        0 |
| ✅ REPOSITORY | trufflehog | project       |   n/a |       |      0 |        0 |
| ⚠️ SPELL      | cspell     | list_of_files |     5 |       |     13 |        0 |
| ✅ SPELL      | lychee     | list_of_files |     2 |       |      0 |        0 |
| ✅ YAML       | prettier   | list_of_files |     1 |     0 |      0 |        0 |
| ✅ YAML       | yamllint   | list_of_files |     1 |       |      0 |        0 |
+---------------+------------+---------------+-------+-------+--------+----------+

[33m⚠️ Successfully linted all files, but with ignored errors[0m
