Results of kics linter (version 2.1.10)
See documentation on https://megalinter.io/8.8.0/descriptors/repository_kics/
-----------------------------------------------

❌ [ERROR] for workspace /github/workspace
Linter raw log:

                                                                                                                                                   
                                                                                                                                                                                                    
   MLLLLLM             MLLLLLLLLL   LLLLLLL             KLLLLLLLLLLLLLLLL       LLLLLLLLLLLLLLLLLLLLLLL 
   MMMMMMM           MMMMMMMMMML    MMMMMMMK       LMMMMMMMMMMMMMMMMMMMML   KLMMMMMMMMMMMMMMMMMMMMMMMMM 
   MMMMMMM         MMMMMMMMML       MMMMMMMK     LMMMMMMMMMMMMMMMMMMMMMML  LMMMMMMMMMMMMMMMMMMMMMMMMMMM 
   MMMMMMM      MMMMMMMMMML         MMMMMMMK   LMMMMMMMMMMMMMMMMMMMMMMMML LMMMMMMMMMMMMMMMMMMMMMMMMMMMM 
   MMMMMMM    LMMMMMMMMML           MMMMMMMK  LMMMMMMMMMLLMLLLLLLLLLLLLLL LMMMMMMMLLLLLLLLLLLLLLLLLLLLM 
   MMMMMMM  MMMMMMMMMLM             MMMMMMMK LMMMMMMMM                    LMMMMMML                      
   MMMMMMMLMMMMMMMML                MMMMMMMK MMMMMMML                     LMMMMMMMMLLLLLLLLLLLLLMLL     
   MMMMMMMMMMMMMMMM                 MMMMMMMK MMMMMML                       LMMMMMMMMMMMMMMMMMMMMMMMMML  
   MMMMMMMMMMMMMMMMMM               MMMMMMMK MMMMMMM                         LMMMMMMMMMMMMMMMMMMMMMMMML 
   MMMMMMM KLMMMMMMMMML             MMMMMMMK LMMMMMMM                                          MMMMMMMML
   MMMMMMM    LMMMMMMMMMM           MMMMMMMK LMMMMMMMMLL                                        MMMMMMML
   MMMMMMM      LMMMMMMMMMLL        MMMMMMMK  LMMMMMMMMMMMMMMMMMMMMMMMMML LLLLLLLLLLLLLLLLLLLLMMMMMMMMMM
   MMMMMMM        MMMMMMMMMMML      MMMMMMMK   MMMMMMMMMMMMMMMMMMMMMMMMML LMMMMMMMMMMMMMMMMMMMMMMMMMMMM 
   MMMMMMM          LLMMMMMMMMML    MMMMMMMK     LLMMMMMMMMMMMMMMMMMMMMML LMMMMMMMMMMMMMMMMMMMMMMMMMML  
   MMMMMMM             MMMMMMMMMML  MMMMMMMK         KLMMMMMMMMMMMMMMMMML LMMMMMMMMMMMMMMMMMMMMMMMLK    
                                                                                                            
                                                                                                                                                                                                                                                                                                                        


Scanning with Keeping Infrastructure as Code Secure v2.1.10





Unpinned Actions Full Length Commit SHA, Severity: LOW, Results: 4
Description: Pinning an action to a full length commit SHA is currently the only way to use an action as an immutable release. Pinning to a particular SHA helps mitigate the risk of a bad actor adding a backdoor to the action's repository, as they would need to generate a SHA-1 collision for a valid Git object payload. When selecting a SHA, you should verify it is from the action's repository and not a repository fork.
Platform: CICD
CWE: 829
Learn more about this vulnerability: https://docs.kics.io/latest/queries/cicd-queries/555ab8f9-2001-455e-a077-f2d0f41e2fb9

	[1]: .github/workflows/format.yml:21

		020:       - name: auto-commit
		021:         uses: stefanzweifel/git-auto-commit-action@v4
		022:         with:


	[2]: .github/workflows/lint.yml:69

		068:         # More info at https://megalinter.io/latest/flavors/
		069:         uses: oxsecurity/megalinter@v8
		070: 


	[3]: .github/workflows/lint.yml:144

		143:       - name: Create Pull Request with applied fixes
		144:         uses: peter-evans/create-pull-request@v6
		145:         id: cpr


	[4]: .github/workflows/lint.yml:166

		165:       - name: Commit and push applied linter fixes
		166:         uses: stefanzweifel/git-auto-commit-action@v4
		167:         if: env.APPLY_FIXES_IF_COMMIT == 'true'



Results Summary:
CRITICAL: 0
HIGH: 0
MEDIUM: 0
LOW: 4
INFO: 0
TOTAL: 4

A new version 'v2.1.14' of KICS is available, please consider updating

